CCS PCM C Compiler, Version 5.015, 5967               28-nov.-23 12:58

               Filename:   C:\Users\strop\OneDrive\Documentos\GitHub\Microcontroladores\Microcontroladores\Sensor_tem\sensor_temp.lst

               ROM used:   1457 words (18%)
                           Largest free fragment is 2048
               RAM used:   27 (7%) at main() level
                           50 (14%) worst case
               Stack used: 6 locations (5 in main + 1 for interrupts)
               Stack size: 8

*
0000:  MOVLW  04
0001:  MOVWF  0A
0002:  GOTO   4F6
0003:  NOP
0004:  MOVWF  7F
0005:  SWAPF  03,W
0006:  CLRF   03
0007:  MOVWF  21
0008:  MOVF   0A,W
0009:  MOVWF  20
000A:  CLRF   0A
000B:  MOVF   04,W
000C:  MOVWF  22
000D:  MOVF   77,W
000E:  MOVWF  23
000F:  MOVF   78,W
0010:  MOVWF  24
0011:  MOVF   79,W
0012:  MOVWF  25
0013:  MOVF   7A,W
0014:  MOVWF  26
0015:  BSF    03.6
0016:  MOVF   0D,W
0017:  BCF    03.6
0018:  MOVWF  27
0019:  BSF    03.6
001A:  MOVF   0F,W
001B:  BCF    03.6
001C:  MOVWF  28
001D:  BSF    03.6
001E:  MOVF   0C,W
001F:  BCF    03.6
0020:  MOVWF  29
0021:  BSF    03.6
0022:  MOVF   0E,W
0023:  BCF    03.6
0024:  MOVWF  2A
0025:  BCF    03.7
0026:  BCF    03.5
0027:  MOVLW  8C
0028:  MOVWF  04
0029:  BTFSS  00.5
002A:  GOTO   02D
002B:  BTFSC  0C.5
002C:  GOTO   04E
002D:  MOVF   22,W
002E:  MOVWF  04
002F:  MOVF   23,W
0030:  MOVWF  77
0031:  MOVF   24,W
0032:  MOVWF  78
0033:  MOVF   25,W
0034:  MOVWF  79
0035:  MOVF   26,W
0036:  MOVWF  7A
0037:  MOVF   27,W
0038:  BSF    03.6
0039:  MOVWF  0D
003A:  BCF    03.6
003B:  MOVF   28,W
003C:  BSF    03.6
003D:  MOVWF  0F
003E:  BCF    03.6
003F:  MOVF   29,W
0040:  BSF    03.6
0041:  MOVWF  0C
0042:  BCF    03.6
0043:  MOVF   2A,W
0044:  BSF    03.6
0045:  MOVWF  0E
0046:  BCF    03.6
0047:  MOVF   20,W
0048:  MOVWF  0A
0049:  SWAPF  21,W
004A:  MOVWF  03
004B:  SWAPF  7F,F
004C:  SWAPF  7F,W
004D:  RETFIE
004E:  BCF    0A.3
004F:  BCF    0A.4
0050:  GOTO   059
.................... #include <16F877a.h> 
.................... //////////// Standard Header file for the PIC16F877A device //////////////// 
.................... /////////////////////////////////////////////////////////////////////////// 
.................... ////        (C) Copyright 1996, 2013 Custom Computer Services          //// 
.................... //// This source code may only be used by licensed users of the CCS C  //// 
.................... //// compiler.  This source code may only be distributed to other      //// 
.................... //// licensed users of the CCS C compiler.  No other use, reproduction //// 
.................... //// or distribution is permitted without written permission.          //// 
.................... //// Derivative programs created using this software in object code    //// 
.................... //// form are not restricted in any way.                               //// 
.................... /////////////////////////////////////////////////////////////////////////// 
.................... #device PIC16F877A 
0051:  BCF    0A.0
0052:  BCF    0A.1
0053:  BCF    0A.2
0054:  ADDWF  02,F
0055:  RETLW  28
0056:  RETLW  0C
0057:  RETLW  01
0058:  RETLW  06
*
006F:  DATA F4,32
0070:  DATA 6D,38
0071:  DATA BD,12
0072:  DATA 66,00
*
010B:  MOVLW  8E
010C:  MOVWF  77
010D:  MOVF   33,W
010E:  MOVWF  78
010F:  MOVF   32,W
0110:  MOVWF  79
0111:  CLRF   7A
0112:  MOVF   78,F
0113:  BTFSS  03.2
0114:  GOTO   11F
0115:  MOVF   79,W
0116:  MOVWF  78
0117:  CLRF   79
0118:  MOVLW  08
0119:  SUBWF  77,F
011A:  MOVF   78,F
011B:  BTFSS  03.2
011C:  GOTO   11F
011D:  CLRF   77
011E:  GOTO   127
011F:  BCF    03.0
0120:  BTFSC  78.7
0121:  GOTO   126
0122:  RLF    79,F
0123:  RLF    78,F
0124:  DECF   77,F
0125:  GOTO   11F
0126:  BCF    78.7
0127:  BCF    0A.3
0128:  BCF    0A.4
0129:  GOTO   542 (RETURN)
012A:  MOVF   3F,W
012B:  BTFSC  03.2
012C:  GOTO   19A
012D:  MOVWF  47
012E:  MOVF   43,W
012F:  BTFSC  03.2
0130:  GOTO   19A
0131:  ADDWF  47,F
0132:  BTFSC  03.0
0133:  GOTO   13B
0134:  MOVLW  7F
0135:  SUBWF  47,F
0136:  BTFSS  03.0
0137:  GOTO   19A
0138:  BTFSC  03.2
0139:  GOTO   19A
013A:  GOTO   13F
013B:  MOVLW  81
013C:  ADDWF  47,F
013D:  BTFSC  03.0
013E:  GOTO   19A
013F:  MOVF   47,W
0140:  MOVWF  77
0141:  CLRF   78
0142:  CLRF   79
0143:  CLRF   7A
0144:  MOVF   40,W
0145:  MOVWF  4B
0146:  BSF    4B.7
0147:  MOVF   41,W
0148:  MOVWF  4A
0149:  MOVF   42,W
014A:  MOVWF  49
014B:  MOVLW  18
014C:  MOVWF  47
014D:  CLRF   48
014E:  BTFSS  49.0
014F:  GOTO   168
0150:  MOVF   46,W
0151:  ADDWF  7A,F
0152:  BTFSS  03.0
0153:  GOTO   15A
0154:  INCF   79,F
0155:  BTFSS  03.2
0156:  GOTO   15A
0157:  INCF   78,F
0158:  BTFSC  03.2
0159:  BSF    48.7
015A:  MOVF   45,W
015B:  ADDWF  79,F
015C:  BTFSS  03.0
015D:  GOTO   161
015E:  INCF   78,F
015F:  BTFSC  03.2
0160:  BSF    48.7
0161:  MOVF   44,W
0162:  MOVWF  41
0163:  BSF    41.7
0164:  MOVF   41,W
0165:  ADDWF  78,F
0166:  BTFSC  03.0
0167:  BSF    48.7
0168:  RLF    48,F
0169:  RRF    78,F
016A:  RRF    79,F
016B:  RRF    7A,F
016C:  RRF    4B,F
016D:  RRF    4A,F
016E:  RRF    49,F
016F:  BCF    03.0
0170:  DECFSZ 47,F
0171:  GOTO   14D
0172:  MOVLW  01
0173:  ADDWF  77,F
0174:  BTFSC  03.0
0175:  GOTO   19A
0176:  BTFSC  78.7
0177:  GOTO   17F
0178:  RLF    4B,F
0179:  RLF    7A,F
017A:  RLF    79,F
017B:  RLF    78,F
017C:  DECF   77,F
017D:  BTFSC  03.2
017E:  GOTO   19A
017F:  BTFSS  4B.7
0180:  GOTO   190
0181:  INCF   7A,F
0182:  BTFSS  03.2
0183:  GOTO   190
0184:  INCF   79,F
0185:  BTFSS  03.2
0186:  GOTO   190
0187:  INCF   78,F
0188:  BTFSS  03.2
0189:  GOTO   190
018A:  RRF    78,F
018B:  RRF    79,F
018C:  RRF    7A,F
018D:  INCF   77,F
018E:  BTFSC  03.2
018F:  GOTO   19A
0190:  MOVF   40,W
0191:  MOVWF  48
0192:  MOVF   44,W
0193:  XORWF  48,F
0194:  BTFSS  48.7
0195:  GOTO   198
0196:  BSF    78.7
0197:  GOTO   19E
0198:  BCF    78.7
0199:  GOTO   19E
019A:  CLRF   77
019B:  CLRF   78
019C:  CLRF   79
019D:  CLRF   7A
019E:  RETURN
019F:  MOVF   36,W
01A0:  BTFSC  03.2
01A1:  GOTO   264
01A2:  MOVWF  42
01A3:  MOVF   3A,W
01A4:  BTFSC  03.2
01A5:  GOTO   264
01A6:  SUBWF  42,F
01A7:  BTFSS  03.0
01A8:  GOTO   1AE
01A9:  MOVLW  7F
01AA:  ADDWF  42,F
01AB:  BTFSC  03.0
01AC:  GOTO   264
01AD:  GOTO   1B4
01AE:  MOVLW  81
01AF:  SUBWF  42,F
01B0:  BTFSS  03.0
01B1:  GOTO   264
01B2:  BTFSC  03.2
01B3:  GOTO   264
01B4:  MOVF   42,W
01B5:  MOVWF  77
01B6:  CLRF   78
01B7:  CLRF   79
01B8:  CLRF   7A
01B9:  CLRF   41
01BA:  MOVF   37,W
01BB:  MOVWF  40
01BC:  BSF    40.7
01BD:  MOVF   38,W
01BE:  MOVWF  3F
01BF:  MOVF   39,W
01C0:  MOVWF  3E
01C1:  MOVLW  19
01C2:  MOVWF  42
01C3:  MOVF   3D,W
01C4:  SUBWF  3E,F
01C5:  BTFSC  03.0
01C6:  GOTO   1D7
01C7:  MOVLW  01
01C8:  SUBWF  3F,F
01C9:  BTFSC  03.0
01CA:  GOTO   1D7
01CB:  SUBWF  40,F
01CC:  BTFSC  03.0
01CD:  GOTO   1D7
01CE:  SUBWF  41,F
01CF:  BTFSC  03.0
01D0:  GOTO   1D7
01D1:  INCF   41,F
01D2:  INCF   40,F
01D3:  INCF   3F,F
01D4:  MOVF   3D,W
01D5:  ADDWF  3E,F
01D6:  GOTO   209
01D7:  MOVF   3C,W
01D8:  SUBWF  3F,F
01D9:  BTFSC  03.0
01DA:  GOTO   1F2
01DB:  MOVLW  01
01DC:  SUBWF  40,F
01DD:  BTFSC  03.0
01DE:  GOTO   1F2
01DF:  SUBWF  41,F
01E0:  BTFSC  03.0
01E1:  GOTO   1F2
01E2:  INCF   41,F
01E3:  INCF   40,F
01E4:  MOVF   3C,W
01E5:  ADDWF  3F,F
01E6:  MOVF   3D,W
01E7:  ADDWF  3E,F
01E8:  BTFSS  03.0
01E9:  GOTO   209
01EA:  INCF   3F,F
01EB:  BTFSS  03.2
01EC:  GOTO   209
01ED:  INCF   40,F
01EE:  BTFSS  03.2
01EF:  GOTO   209
01F0:  INCF   41,F
01F1:  GOTO   209
01F2:  MOVF   3B,W
01F3:  IORLW  80
01F4:  SUBWF  40,F
01F5:  BTFSC  03.0
01F6:  GOTO   208
01F7:  MOVLW  01
01F8:  SUBWF  41,F
01F9:  BTFSC  03.0
01FA:  GOTO   208
01FB:  INCF   41,F
01FC:  MOVF   3B,W
01FD:  IORLW  80
01FE:  ADDWF  40,F
01FF:  MOVF   3C,W
0200:  ADDWF  3F,F
0201:  BTFSS  03.0
0202:  GOTO   1E6
0203:  INCF   40,F
0204:  BTFSS  03.2
0205:  GOTO   1E6
0206:  INCF   41,F
0207:  GOTO   1E6
0208:  BSF    7A.0
0209:  DECFSZ 42,F
020A:  GOTO   20C
020B:  GOTO   217
020C:  BCF    03.0
020D:  RLF    3E,F
020E:  RLF    3F,F
020F:  RLF    40,F
0210:  RLF    41,F
0211:  BCF    03.0
0212:  RLF    7A,F
0213:  RLF    79,F
0214:  RLF    78,F
0215:  RLF    43,F
0216:  GOTO   1C3
0217:  BTFSS  43.0
0218:  GOTO   21F
0219:  BCF    03.0
021A:  RRF    78,F
021B:  RRF    79,F
021C:  RRF    7A,F
021D:  RRF    43,F
021E:  GOTO   222
021F:  DECF   77,F
0220:  BTFSC  03.2
0221:  GOTO   264
0222:  BTFSC  43.7
0223:  GOTO   24B
0224:  BCF    03.0
0225:  RLF    3E,F
0226:  RLF    3F,F
0227:  RLF    40,F
0228:  RLF    41,F
0229:  MOVF   3D,W
022A:  SUBWF  3E,F
022B:  BTFSC  03.0
022C:  GOTO   237
022D:  MOVLW  01
022E:  SUBWF  3F,F
022F:  BTFSC  03.0
0230:  GOTO   237
0231:  SUBWF  40,F
0232:  BTFSC  03.0
0233:  GOTO   237
0234:  SUBWF  41,F
0235:  BTFSS  03.0
0236:  GOTO   25A
0237:  MOVF   3C,W
0238:  SUBWF  3F,F
0239:  BTFSC  03.0
023A:  GOTO   242
023B:  MOVLW  01
023C:  SUBWF  40,F
023D:  BTFSC  03.0
023E:  GOTO   242
023F:  SUBWF  41,F
0240:  BTFSS  03.0
0241:  GOTO   25A
0242:  MOVF   3B,W
0243:  IORLW  80
0244:  SUBWF  40,F
0245:  BTFSC  03.0
0246:  GOTO   24B
0247:  MOVLW  01
0248:  SUBWF  41,F
0249:  BTFSS  03.0
024A:  GOTO   25A
024B:  INCF   7A,F
024C:  BTFSS  03.2
024D:  GOTO   25A
024E:  INCF   79,F
024F:  BTFSS  03.2
0250:  GOTO   25A
0251:  INCF   78,F
0252:  BTFSS  03.2
0253:  GOTO   25A
0254:  INCF   77,F
0255:  BTFSC  03.2
0256:  GOTO   264
0257:  RRF    78,F
0258:  RRF    79,F
0259:  RRF    7A,F
025A:  MOVF   37,W
025B:  MOVWF  42
025C:  MOVF   3B,W
025D:  XORWF  42,F
025E:  BTFSS  42.7
025F:  GOTO   262
0260:  BSF    78.7
0261:  GOTO   268
0262:  BCF    78.7
0263:  GOTO   268
0264:  CLRF   77
0265:  CLRF   78
0266:  CLRF   79
0267:  CLRF   7A
0268:  BCF    0A.3
0269:  BCF    0A.4
026A:  GOTO   569 (RETURN)
026B:  MOVF   3F,W
026C:  SUBLW  B6
026D:  MOVWF  3F
026E:  CLRF   7A
026F:  MOVF   40,W
0270:  MOVWF  43
0271:  BSF    40.7
0272:  BCF    03.0
0273:  RRF    40,F
0274:  RRF    41,F
0275:  RRF    42,F
0276:  RRF    7A,F
0277:  RRF    79,F
0278:  RRF    78,F
0279:  RRF    77,F
027A:  DECFSZ 3F,F
027B:  GOTO   272
027C:  BTFSS  43.7
027D:  GOTO   289
027E:  COMF   77,F
027F:  COMF   78,F
0280:  COMF   79,F
0281:  COMF   7A,F
0282:  INCF   77,F
0283:  BTFSC  03.2
0284:  INCF   78,F
0285:  BTFSC  03.2
0286:  INCF   79,F
0287:  BTFSC  03.2
0288:  INCF   7A,F
0289:  RETURN
028A:  BTFSC  03.1
028B:  GOTO   28F
028C:  MOVLW  47
028D:  MOVWF  04
028E:  BCF    03.7
028F:  CLRF   77
0290:  CLRF   78
0291:  CLRF   79
0292:  CLRF   7A
0293:  CLRF   47
0294:  CLRF   48
0295:  CLRF   49
0296:  CLRF   4A
0297:  MOVF   46,W
0298:  IORWF  45,W
0299:  IORWF  44,W
029A:  IORWF  43,W
029B:  BTFSC  03.2
029C:  GOTO   2CD
029D:  MOVLW  20
029E:  MOVWF  4B
029F:  BCF    03.0
02A0:  RLF    3F,F
02A1:  RLF    40,F
02A2:  RLF    41,F
02A3:  RLF    42,F
02A4:  RLF    47,F
02A5:  RLF    48,F
02A6:  RLF    49,F
02A7:  RLF    4A,F
02A8:  MOVF   46,W
02A9:  SUBWF  4A,W
02AA:  BTFSS  03.2
02AB:  GOTO   2B6
02AC:  MOVF   45,W
02AD:  SUBWF  49,W
02AE:  BTFSS  03.2
02AF:  GOTO   2B6
02B0:  MOVF   44,W
02B1:  SUBWF  48,W
02B2:  BTFSS  03.2
02B3:  GOTO   2B6
02B4:  MOVF   43,W
02B5:  SUBWF  47,W
02B6:  BTFSS  03.0
02B7:  GOTO   2C7
02B8:  MOVF   43,W
02B9:  SUBWF  47,F
02BA:  MOVF   44,W
02BB:  BTFSS  03.0
02BC:  INCFSZ 44,W
02BD:  SUBWF  48,F
02BE:  MOVF   45,W
02BF:  BTFSS  03.0
02C0:  INCFSZ 45,W
02C1:  SUBWF  49,F
02C2:  MOVF   46,W
02C3:  BTFSS  03.0
02C4:  INCFSZ 46,W
02C5:  SUBWF  4A,F
02C6:  BSF    03.0
02C7:  RLF    77,F
02C8:  RLF    78,F
02C9:  RLF    79,F
02CA:  RLF    7A,F
02CB:  DECFSZ 4B,F
02CC:  GOTO   29F
02CD:  MOVF   47,W
02CE:  MOVWF  00
02CF:  INCF   04,F
02D0:  MOVF   48,W
02D1:  MOVWF  00
02D2:  INCF   04,F
02D3:  MOVF   49,W
02D4:  MOVWF  00
02D5:  INCF   04,F
02D6:  MOVF   4A,W
02D7:  MOVWF  00
02D8:  RETURN
02D9:  MOVF   04,W
02DA:  MOVWF  37
02DB:  MOVF   36,W
02DC:  MOVWF  39
02DD:  BTFSC  03.2
02DE:  GOTO   2F8
02DF:  MOVF   35,W
02E0:  MOVWF  42
02E1:  MOVF   34,W
02E2:  MOVWF  41
02E3:  MOVF   33,W
02E4:  MOVWF  40
02E5:  MOVF   32,W
02E6:  MOVWF  3F
02E7:  CLRF   46
02E8:  CLRF   45
02E9:  MOVLW  20
02EA:  MOVWF  44
02EB:  MOVLW  82
02EC:  MOVWF  43
02ED:  CALL   12A
02EE:  MOVF   7A,W
02EF:  MOVWF  35
02F0:  MOVF   79,W
02F1:  MOVWF  34
02F2:  MOVF   78,W
02F3:  MOVWF  33
02F4:  MOVF   77,W
02F5:  MOVWF  32
02F6:  DECFSZ 39,F
02F7:  GOTO   2DF
02F8:  MOVF   35,W
02F9:  MOVWF  42
02FA:  MOVF   34,W
02FB:  MOVWF  41
02FC:  MOVF   33,W
02FD:  MOVWF  40
02FE:  MOVF   32,W
02FF:  MOVWF  3F
0300:  CALL   26B
0301:  MOVF   7A,W
0302:  MOVWF  35
0303:  MOVF   79,W
0304:  MOVWF  34
0305:  MOVF   78,W
0306:  MOVWF  33
0307:  MOVF   77,W
0308:  MOVWF  32
0309:  BTFSS  35.7
030A:  GOTO   318
030B:  DECF   37,F
030C:  BSF    37.5
030D:  COMF   32,F
030E:  COMF   33,F
030F:  COMF   34,F
0310:  COMF   35,F
0311:  INCF   32,F
0312:  BTFSC  03.2
0313:  INCF   33,F
0314:  BTFSC  03.2
0315:  INCF   34,F
0316:  BTFSC  03.2
0317:  INCF   35,F
0318:  MOVLW  3B
0319:  MOVWF  3E
031A:  MOVLW  9A
031B:  MOVWF  3D
031C:  MOVLW  CA
031D:  MOVWF  3C
031E:  CLRF   3B
031F:  MOVLW  0A
0320:  MOVWF  39
0321:  MOVF   36,W
0322:  BTFSC  03.2
0323:  INCF   37,F
0324:  BSF    03.1
0325:  MOVLW  32
0326:  MOVWF  04
0327:  BCF    03.7
0328:  MOVF   35,W
0329:  MOVWF  42
032A:  MOVF   34,W
032B:  MOVWF  41
032C:  MOVF   33,W
032D:  MOVWF  40
032E:  MOVF   32,W
032F:  MOVWF  3F
0330:  MOVF   3E,W
0331:  MOVWF  46
0332:  MOVF   3D,W
0333:  MOVWF  45
0334:  MOVF   3C,W
0335:  MOVWF  44
0336:  MOVF   3B,W
0337:  MOVWF  43
0338:  CALL   28A
0339:  MOVF   78,W
033A:  MOVF   77,F
033B:  BTFSS  03.2
033C:  GOTO   350
033D:  INCF   36,W
033E:  SUBWF  39,W
033F:  BTFSC  03.2
0340:  GOTO   350
0341:  MOVF   37,W
0342:  BTFSC  03.2
0343:  GOTO   352
0344:  ANDLW  0F
0345:  SUBWF  39,W
0346:  BTFSC  03.2
0347:  GOTO   34A
0348:  BTFSC  03.0
0349:  GOTO   386
034A:  BTFSC  37.7
034B:  GOTO   386
034C:  BTFSC  37.6
034D:  GOTO   352
034E:  MOVLW  20
034F:  GOTO   381
0350:  MOVLW  20
0351:  ANDWF  37,F
0352:  BTFSS  37.5
0353:  GOTO   361
0354:  BCF    37.5
0355:  MOVF   36,W
0356:  BTFSS  03.2
0357:  DECF   37,F
0358:  MOVF   77,W
0359:  MOVWF  37
035A:  MOVLW  2D
035B:  BTFSS  0C.4
035C:  GOTO   35B
035D:  MOVWF  19
035E:  MOVF   37,W
035F:  MOVWF  77
0360:  CLRF   37
0361:  MOVF   36,W
0362:  SUBWF  39,W
0363:  BTFSS  03.2
0364:  GOTO   370
0365:  MOVF   77,W
0366:  MOVWF  37
0367:  MOVLW  2E
0368:  BTFSS  0C.4
0369:  GOTO   368
036A:  MOVWF  19
036B:  MOVF   37,W
036C:  MOVWF  77
036D:  MOVLW  20
036E:  ANDWF  37,F
036F:  MOVLW  00
0370:  MOVLW  30
0371:  BTFSS  37.5
0372:  GOTO   381
0373:  BCF    37.5
0374:  MOVF   36,W
0375:  BTFSS  03.2
0376:  DECF   37,F
0377:  MOVF   77,W
0378:  MOVWF  37
0379:  MOVLW  2D
037A:  BTFSS  0C.4
037B:  GOTO   37A
037C:  MOVWF  19
037D:  MOVF   37,W
037E:  MOVWF  77
037F:  CLRF   37
0380:  MOVLW  30
0381:  ADDWF  77,F
0382:  MOVF   77,W
0383:  BTFSS  0C.4
0384:  GOTO   383
0385:  MOVWF  19
0386:  BCF    03.1
0387:  MOVF   3E,W
0388:  MOVWF  42
0389:  MOVF   3D,W
038A:  MOVWF  41
038B:  MOVF   3C,W
038C:  MOVWF  40
038D:  MOVF   3B,W
038E:  MOVWF  3F
038F:  CLRF   46
0390:  CLRF   45
0391:  CLRF   44
0392:  MOVLW  0A
0393:  MOVWF  43
0394:  CALL   28A
0395:  MOVF   7A,W
0396:  MOVWF  3E
0397:  MOVF   79,W
0398:  MOVWF  3D
0399:  MOVF   78,W
039A:  MOVWF  3C
039B:  MOVF   77,W
039C:  MOVWF  3B
039D:  DECFSZ 39,F
039E:  GOTO   324
039F:  BCF    0A.3
03A0:  BCF    0A.4
03A1:  GOTO   57E (RETURN)
*
03D8:  MOVF   0B,W
03D9:  MOVWF  33
03DA:  BCF    0B.7
03DB:  BSF    03.5
03DC:  BSF    03.6
03DD:  BSF    0C.7
03DE:  BSF    0C.0
03DF:  NOP
03E0:  NOP
03E1:  BCF    03.5
03E2:  BCF    03.6
03E3:  BTFSC  33.7
03E4:  BSF    0B.7
03E5:  BTFSC  03.0
03E6:  GOTO   40F
03E7:  BSF    03.6
03E8:  MOVF   0C,W
03E9:  ANDLW  7F
03EA:  BCF    03.6
03EB:  MOVWF  33
03EC:  BSF    03.6
03ED:  MOVF   0D,W
03EE:  BCF    03.6
03EF:  MOVWF  34
03F0:  BSF    03.6
03F1:  MOVF   0F,W
03F2:  BCF    03.6
03F3:  MOVWF  35
03F4:  MOVF   33,W
03F5:  MOVWF  3F
03F6:  CALL   3B4
03F7:  MOVF   34,W
03F8:  BSF    03.6
03F9:  MOVWF  0D
03FA:  BCF    03.6
03FB:  MOVF   35,W
03FC:  BSF    03.6
03FD:  MOVWF  0F
03FE:  BCF    03.6
03FF:  MOVF   0B,W
0400:  MOVWF  36
0401:  BCF    0B.7
0402:  BSF    03.5
0403:  BSF    03.6
0404:  BSF    0C.7
0405:  BSF    0C.0
0406:  NOP
0407:  NOP
0408:  BCF    03.5
0409:  BCF    03.6
040A:  BTFSC  36.7
040B:  BSF    0B.7
040C:  DECFSZ 32,F
040D:  GOTO   40F
040E:  GOTO   42E
040F:  BSF    03.6
0410:  RLF    0C,W
0411:  RLF    0E,W
0412:  ANDLW  7F
0413:  BCF    03.6
0414:  MOVWF  33
0415:  BSF    03.6
0416:  MOVF   0D,W
0417:  BCF    03.6
0418:  MOVWF  34
0419:  BSF    03.6
041A:  MOVF   0F,W
041B:  BCF    03.6
041C:  MOVWF  35
041D:  MOVF   33,W
041E:  MOVWF  3F
041F:  CALL   3B4
0420:  MOVF   34,W
0421:  BSF    03.6
0422:  MOVWF  0D
0423:  BCF    03.6
0424:  MOVF   35,W
0425:  BSF    03.6
0426:  MOVWF  0F
0427:  INCF   0D,F
0428:  BTFSC  03.2
0429:  INCF   0F,F
042A:  BCF    03.0
042B:  BCF    03.6
042C:  DECFSZ 32,F
042D:  GOTO   3D8
042E:  BCF    0A.3
042F:  BCF    0A.4
0430:  GOTO   590 (RETURN)
0431:  MOVF   04,W
0432:  MOVWF  37
0433:  MOVF   36,W
0434:  MOVWF  39
0435:  BTFSC  03.2
0436:  GOTO   450
0437:  MOVF   35,W
0438:  MOVWF  42
0439:  MOVF   34,W
043A:  MOVWF  41
043B:  MOVF   33,W
043C:  MOVWF  40
043D:  MOVF   32,W
043E:  MOVWF  3F
043F:  CLRF   46
0440:  CLRF   45
0441:  MOVLW  20
0442:  MOVWF  44
0443:  MOVLW  82
0444:  MOVWF  43
0445:  CALL   12A
0446:  MOVF   7A,W
0447:  MOVWF  35
0448:  MOVF   79,W
0449:  MOVWF  34
044A:  MOVF   78,W
044B:  MOVWF  33
044C:  MOVF   77,W
044D:  MOVWF  32
044E:  DECFSZ 39,F
044F:  GOTO   437
0450:  MOVF   35,W
0451:  MOVWF  42
0452:  MOVF   34,W
0453:  MOVWF  41
0454:  MOVF   33,W
0455:  MOVWF  40
0456:  MOVF   32,W
0457:  MOVWF  3F
0458:  CALL   26B
0459:  MOVF   7A,W
045A:  MOVWF  35
045B:  MOVF   79,W
045C:  MOVWF  34
045D:  MOVF   78,W
045E:  MOVWF  33
045F:  MOVF   77,W
0460:  MOVWF  32
0461:  BTFSS  35.7
0462:  GOTO   470
0463:  DECF   37,F
0464:  BSF    37.5
0465:  COMF   32,F
0466:  COMF   33,F
0467:  COMF   34,F
0468:  COMF   35,F
0469:  INCF   32,F
046A:  BTFSC  03.2
046B:  INCF   33,F
046C:  BTFSC  03.2
046D:  INCF   34,F
046E:  BTFSC  03.2
046F:  INCF   35,F
0470:  MOVLW  3B
0471:  MOVWF  3E
0472:  MOVLW  9A
0473:  MOVWF  3D
0474:  MOVLW  CA
0475:  MOVWF  3C
0476:  CLRF   3B
0477:  MOVLW  0A
0478:  MOVWF  39
0479:  MOVF   36,W
047A:  BTFSC  03.2
047B:  INCF   37,F
047C:  BSF    03.1
047D:  MOVLW  32
047E:  MOVWF  04
047F:  BCF    03.7
0480:  MOVF   35,W
0481:  MOVWF  42
0482:  MOVF   34,W
0483:  MOVWF  41
0484:  MOVF   33,W
0485:  MOVWF  40
0486:  MOVF   32,W
0487:  MOVWF  3F
0488:  MOVF   3E,W
0489:  MOVWF  46
048A:  MOVF   3D,W
048B:  MOVWF  45
048C:  MOVF   3C,W
048D:  MOVWF  44
048E:  MOVF   3B,W
048F:  MOVWF  43
0490:  CALL   28A
0491:  MOVF   78,W
0492:  MOVF   77,F
0493:  BTFSS  03.2
0494:  GOTO   4A8
0495:  INCF   36,W
0496:  SUBWF  39,W
0497:  BTFSC  03.2
0498:  GOTO   4A8
0499:  MOVF   37,W
049A:  BTFSC  03.2
049B:  GOTO   4AA
049C:  ANDLW  0F
049D:  SUBWF  39,W
049E:  BTFSC  03.2
049F:  GOTO   4A2
04A0:  BTFSC  03.0
04A1:  GOTO   4DA
04A2:  BTFSC  37.7
04A3:  GOTO   4DA
04A4:  BTFSC  37.6
04A5:  GOTO   4AA
04A6:  MOVLW  20
04A7:  GOTO   4D6
04A8:  MOVLW  20
04A9:  ANDWF  37,F
04AA:  BTFSS  37.5
04AB:  GOTO   4B8
04AC:  BCF    37.5
04AD:  MOVF   36,W
04AE:  BTFSS  03.2
04AF:  DECF   37,F
04B0:  MOVF   77,W
04B1:  MOVWF  37
04B2:  MOVLW  2D
04B3:  MOVWF  3F
04B4:  CALL   3B4
04B5:  MOVF   37,W
04B6:  MOVWF  77
04B7:  CLRF   37
04B8:  MOVF   36,W
04B9:  SUBWF  39,W
04BA:  BTFSS  03.2
04BB:  GOTO   4C6
04BC:  MOVF   77,W
04BD:  MOVWF  37
04BE:  MOVLW  2E
04BF:  MOVWF  3F
04C0:  CALL   3B4
04C1:  MOVF   37,W
04C2:  MOVWF  77
04C3:  MOVLW  20
04C4:  ANDWF  37,F
04C5:  MOVLW  00
04C6:  MOVLW  30
04C7:  BTFSS  37.5
04C8:  GOTO   4D6
04C9:  BCF    37.5
04CA:  MOVF   36,W
04CB:  BTFSS  03.2
04CC:  DECF   37,F
04CD:  MOVF   77,W
04CE:  MOVWF  37
04CF:  MOVLW  2D
04D0:  MOVWF  3F
04D1:  CALL   3B4
04D2:  MOVF   37,W
04D3:  MOVWF  77
04D4:  CLRF   37
04D5:  MOVLW  30
04D6:  ADDWF  77,F
04D7:  MOVF   77,W
04D8:  MOVWF  3F
04D9:  CALL   3B4
04DA:  BCF    03.1
04DB:  MOVF   3E,W
04DC:  MOVWF  42
04DD:  MOVF   3D,W
04DE:  MOVWF  41
04DF:  MOVF   3C,W
04E0:  MOVWF  40
04E1:  MOVF   3B,W
04E2:  MOVWF  3F
04E3:  CLRF   46
04E4:  CLRF   45
04E5:  CLRF   44
04E6:  MOVLW  0A
04E7:  MOVWF  43
04E8:  CALL   28A
04E9:  MOVF   7A,W
04EA:  MOVWF  3E
04EB:  MOVF   79,W
04EC:  MOVWF  3D
04ED:  MOVF   78,W
04EE:  MOVWF  3C
04EF:  MOVF   77,W
04F0:  MOVWF  3B
04F1:  DECFSZ 39,F
04F2:  GOTO   47C
04F3:  BCF    0A.3
04F4:  BCF    0A.4
04F5:  GOTO   59D (RETURN)
....................  
.................... #list 
....................  
.................... #device ADC=10 
.................... #use delay(crystal=20000000) 
*
0073:  MOVLW  40
0074:  MOVWF  04
0075:  BCF    03.7
0076:  MOVF   00,W
0077:  BTFSC  03.2
0078:  GOTO   086
0079:  MOVLW  06
007A:  MOVWF  78
007B:  CLRF   77
007C:  DECFSZ 77,F
007D:  GOTO   07C
007E:  DECFSZ 78,F
007F:  GOTO   07B
0080:  MOVLW  7B
0081:  MOVWF  77
0082:  DECFSZ 77,F
0083:  GOTO   082
0084:  DECFSZ 00,F
0085:  GOTO   079
0086:  RETURN
.................... #FUSES NOWDT, NOBROWNOUT, NOLVP 
.................... #use rs232(BAUD=9600, XMIT = PIN_C6, RCV=PIN_C7) 
.................... #include <lcd_d.c> //Incluir librería LCD 
.................... /////////////////////////////////////////////////////////////////////////////// 
.................... ////                             LCD.C                                     //// 
.................... ////                 Driver for common LCD modules                         //// 
.................... ////                                                                       //// 
.................... ////  lcd_init()   Must be called before any other function.               //// 
.................... ////                                                                       //// 
.................... ////  lcd_putc(c)  Will display c on the next position of the LCD.         //// 
.................... ////                     The following have special meaning:               //// 
.................... ////                      \f  Clear display                                //// 
.................... ////                      \n  Go to start of second line                   //// 
.................... ////                      \b  Move back one position                       //// 
.................... ////                                                                       //// 
.................... ////  lcd_gotoxy(x,y) Set write position on LCD (upper left is 1,1)        //// 
.................... ////                                                                       //// 
.................... ////  lcd_getc(x,y)   Returns character at position x,y on LCD             //// 
.................... ////                                                                       //// 
.................... ////  CONFIGURATION                                                        //// 
.................... ////  The LCD can be configured in one of two ways: a.) port access or     //// 
.................... ////  b.) pin access.  Port access requires the entire 7 bit interface     //// 
.................... ////  connected to one GPIO port, and the data bits (D4:D7 of the LCD)     //// 
.................... ////  connected to sequential pins on the GPIO.  Pin access                //// 
.................... ////  has no requirements, all 7 bits of the control interface can         //// 
.................... ////  can be connected to any GPIO using several ports.                    //// 
.................... ////                                                                       //// 
.................... ////  To use port access, #define LCD_DATA_PORT to the SFR location of     //// 
.................... ////  of the GPIO port that holds the interface, -AND- edit LCD_PIN_MAP    //// 
.................... ////  of this file to configure the pin order.  If you are using a         //// 
.................... ////  baseline PIC (PCB), then LCD_OUTPUT_MAP and LCD_INPUT_MAP also must  //// 
.................... ////  be defined.                                                          //// 
.................... ////                                                                       //// 
.................... ////  Example of port access:                                              //// 
.................... ////     #define LCD_DATA_PORT getenv("SFR:PORTD")                         //// 
.................... ////                                                                       //// 
.................... ////  To use pin access, the following pins must be defined:               //// 
.................... ////     LCD_ENABLE_PIN                                                    //// 
.................... ////     LCD_RS_PIN                                                        //// 
.................... ////     LCD_RW_PIN                                                        //// 
.................... ////     LCD_DATA4                                                         //// 
.................... ////     LCD_DATA5                                                         //// 
.................... ////     LCD_DATA6                                                         //// 
.................... ////     LCD_DATA7                                                         //// 
.................... ////                                                                       //// 
.................... ////  Example of pin access:                                               //// 
.................... ////     #define LCD_ENABLE_PIN  PIN_E0                                    //// 
.................... ////     #define LCD_RS_PIN      PIN_E1                                    //// 
.................... ////     #define LCD_RW_PIN      PIN_E2                                    //// 
.................... ////     #define LCD_DATA4       PIN_D4                                    //// 
.................... ////     #define LCD_DATA5       PIN_D5                                    //// 
.................... ////     #define LCD_DATA6       PIN_D6                                    //// 
.................... ////     #define LCD_DATA7       PIN_D7                                    //// 
.................... ////                                                                       //// 
.................... /////////////////////////////////////////////////////////////////////////////// 
.................... ////        (C) Copyright 1996,2009 Custom Computer Services           //// 
.................... //// This source code may only be used by licensed users of the CCS C  //// 
.................... //// compiler.  This source code may only be distributed to other      //// 
.................... //// licensed users of the CCS C compiler.  No other use, reproduction //// 
.................... //// or distribution is permitted without written permission.          //// 
.................... //// Derivative programs created using this software in object code    //// 
.................... //// form are not restricted in any way.                               //// 
.................... /////////////////////////////////////////////////////////////////////////// 
....................  
.................... // define the pinout. 
.................... #define LCD_DATA_PORT      0x08     //portd    LA PUSE YO  
....................  
.................... // only required if port access is being used. 
.................... typedef struct   
.................... {                            // This structure is overlayed 
....................    BOOLEAN enable;           // on to an I/O port to gain 
....................    BOOLEAN rs;               // access to the LCD pins. 
....................    BOOLEAN rw;               // The bits are allocated from 
....................    BOOLEAN unused;           // low order up.  ENABLE will 
....................    int     data : 4;         // be LSB pin of that port. 
....................   #if defined(__PCD__)       // The port used will be LCD_DATA_PORT. 
....................    int    reserved: 8; 
....................   #endif 
.................... } LCD_PIN_MAP; 
....................  
.................... // this is to improve compatability with previous LCD drivers that accepted 
.................... // a define labeled 'use_portb_lcd' that configured the LCD onto port B. 
.................... #if ((defined(use_portb_lcd)) && (use_portb_lcd==TRUE)) 
....................  #define LCD_DATA_PORT getenv("SFR:PORTB") 
.................... #endif 
....................  
.................... #if defined(__PCB__) 
....................    // these definitions only need to be modified for baseline PICs. 
....................    // all other PICs use LCD_PIN_MAP or individual LCD_xxx pin definitions. 
.................... /*                                    EN, RS,   RW,   UNUSED,  DATA  */ 
....................  const LCD_PIN_MAP LCD_OUTPUT_MAP =  {0,  0,    0,    0,       0}; 
....................  const LCD_PIN_MAP LCD_INPUT_MAP =   {0,  0,    0,    0,       0xF}; 
.................... #endif 
....................  
.................... ////////////////////// END CONFIGURATION /////////////////////////////////// 
....................  
.................... #ifndef LCD_ENABLE_PIN 
....................    #define lcd_output_enable(x) lcdlat.enable=x 
....................    #define lcd_enable_tris()   lcdtris.enable=0 
.................... #else 
....................    #define lcd_output_enable(x) output_bit(LCD_ENABLE_PIN, x) 
....................    #define lcd_enable_tris()  output_drive(LCD_ENABLE_PIN) 
.................... #endif 
....................  
.................... #ifndef LCD_RS_PIN 
....................    #define lcd_output_rs(x) lcdlat.rs=x 
....................    #define lcd_rs_tris()   lcdtris.rs=0 
.................... #else 
....................    #define lcd_output_rs(x) output_bit(LCD_RS_PIN, x) 
....................    #define lcd_rs_tris()  output_drive(LCD_RS_PIN) 
.................... #endif 
....................  
.................... #ifndef LCD_RW_PIN 
....................    #define lcd_output_rw(x) lcdlat.rw=x 
....................    #define lcd_rw_tris()   lcdtris.rw=0 
.................... #else 
....................    #define lcd_output_rw(x) output_bit(LCD_RW_PIN, x) 
....................    #define lcd_rw_tris()  output_drive(LCD_RW_PIN) 
.................... #endif 
....................  
.................... // original version of this library incorrectly labeled LCD_DATA0 as LCD_DATA4, 
.................... // LCD_DATA1 as LCD_DATA5, and so on.  this block of code makes the driver 
.................... // compatible with any code written for the original library 
.................... #if (defined(LCD_DATA0) && defined(LCD_DATA1) && defined(LCD_DATA2) && defined(LCD_DATA3) && !defined(LCD_DATA4) && !defined(LCD_DATA5) && !defined(LCD_DATA6) && !defined(LCD_DATA7)) 
....................    #define  LCD_DATA4    LCD_DATA0 
....................    #define  LCD_DATA5    LCD_DATA1 
....................    #define  LCD_DATA6    LCD_DATA2 
....................    #define  LCD_DATA7    LCD_DATA3 
.................... #endif 
....................  
.................... #ifndef LCD_DATA4 
.................... #ifndef LCD_DATA_PORT 
....................    #if defined(__PCB__) 
....................       #define LCD_DATA_PORT      0x06     //portb 
....................       #define set_tris_lcd(x)   set_tris_b(x) 
....................    #else 
....................      #if defined(PIN_D0) 
....................       #define LCD_DATA_PORT      getenv("SFR:PORTD")     //portd 
....................      #else 
....................       #define LCD_DATA_PORT      getenv("SFR:PORTB")     //portb 
....................      #endif 
....................    #endif    
.................... #endif 
....................  
.................... #if defined(__PCB__) 
....................    LCD_PIN_MAP lcd, lcdlat; 
....................    #byte lcd = LCD_DATA_PORT 
....................    #byte lcdlat = LCD_DATA_PORT 
.................... #elif defined(__PCM__) 
....................    LCD_PIN_MAP lcd, lcdlat, lcdtris; 
....................    #byte lcd = LCD_DATA_PORT 
....................    #byte lcdlat = LCD_DATA_PORT 
....................    #byte lcdtris = LCD_DATA_PORT+0x80 
.................... #elif defined(__PCH__) 
....................    LCD_PIN_MAP lcd, lcdlat, lcdtris; 
....................    #byte lcd = LCD_DATA_PORT 
....................    #byte lcdlat = LCD_DATA_PORT+9 
....................    #byte lcdtris = LCD_DATA_PORT+0x12 
.................... #elif defined(__PCD__) 
....................    LCD_PIN_MAP lcd, lcdlat, lcdtris; 
....................    #word lcd = LCD_DATA_PORT 
....................    #word lcdlat = LCD_DATA_PORT+2 
....................    #word lcdtris = LCD_DATA_PORT-0x02 
.................... #endif 
.................... #endif   //LCD_DATA4 not defined 
....................  
.................... #ifndef LCD_TYPE 
....................    #define LCD_TYPE 2           // 0=5x7, 1=5x10, 2=2 lines 
.................... #endif 
....................  
.................... #ifndef LCD_LINE_TWO 
....................    #define LCD_LINE_TWO 0x40    // LCD RAM address for the second line 
.................... #endif 
....................  
.................... BYTE const LCD_INIT_STRING[4] = {0x20 | (LCD_TYPE << 2), 0xc, 1, 6}; 
....................                              // These bytes need to be sent to the LCD 
....................                              // to start it up. 
....................  
.................... BYTE lcd_read_nibble(void); 
....................  
.................... BYTE lcd_read_byte(void) 
.................... { 
....................    BYTE low,high; 
....................  
....................  #if defined(__PCB__) 
....................    set_tris_lcd(LCD_INPUT_MAP); 
....................  #else 
....................   #if (defined(LCD_DATA4) && defined(LCD_DATA5) && defined(LCD_DATA6) && defined(LCD_DATA7)) 
....................    output_float(LCD_DATA4); 
....................    output_float(LCD_DATA5); 
....................    output_float(LCD_DATA6); 
....................    output_float(LCD_DATA7); 
....................   #else 
....................    lcdtris.data = 0xF; 
*
009F:  MOVLW  0F
00A0:  BSF    03.5
00A1:  ANDWF  08,W
00A2:  IORLW  F0
00A3:  MOVWF  08
....................   #endif 
....................  #endif 
....................          
....................    lcd_output_rw(1); 
00A4:  BCF    03.5
00A5:  BSF    08.2
....................    delay_cycles(1); 
00A6:  NOP
....................    lcd_output_enable(1); 
00A7:  BSF    08.0
....................    delay_cycles(1); 
00A8:  NOP
....................    high = lcd_read_nibble(); 
00A9:  CALL   098
00AA:  MOVF   78,W
00AB:  MOVWF  47
....................        
....................    lcd_output_enable(0); 
00AC:  BCF    08.0
....................    delay_cycles(1); 
00AD:  NOP
....................    lcd_output_enable(1); 
00AE:  BSF    08.0
....................    delay_us(1); 
00AF:  GOTO   0B0
00B0:  GOTO   0B1
00B1:  NOP
....................    low = lcd_read_nibble(); 
00B2:  CALL   098
00B3:  MOVF   78,W
00B4:  MOVWF  46
....................        
....................    lcd_output_enable(0); 
00B5:  BCF    08.0
....................  
....................  #if defined(__PCB__) 
....................    set_tris_lcd(LCD_INPUT_MAP); 
....................  #else 
....................   #if (defined(LCD_DATA4) && defined(LCD_DATA5) && defined(LCD_DATA6) && defined(LCD_DATA7)) 
....................    output_drive(LCD_DATA4); 
....................    output_drive(LCD_DATA5); 
....................    output_drive(LCD_DATA6); 
....................    output_drive(LCD_DATA7); 
....................   #else 
....................    lcdtris.data = 0x0; 
00B6:  MOVLW  0F
00B7:  BSF    03.5
00B8:  ANDWF  08,W
00B9:  MOVWF  08
....................   #endif 
....................  #endif 
....................  
....................    return( (high<<4) | low); 
00BA:  BCF    03.5
00BB:  SWAPF  47,W
00BC:  MOVWF  77
00BD:  MOVLW  F0
00BE:  ANDWF  77,F
00BF:  MOVF   77,W
00C0:  IORWF  46,W
00C1:  MOVWF  78
.................... } 
....................  
.................... BYTE lcd_read_nibble(void) 
.................... { 
....................   #if (defined(LCD_DATA4) && defined(LCD_DATA5) && defined(LCD_DATA6) && defined(LCD_DATA7)) 
....................    BYTE n = 0x00; 
....................  
....................    /* Read the data port */ 
....................    n |= input(LCD_DATA4); 
....................    n |= input(LCD_DATA5) << 1; 
....................    n |= input(LCD_DATA6) << 2; 
....................    n |= input(LCD_DATA7) << 3; 
....................     
....................    return(n); 
....................   #else 
....................    return(lcd.data); 
*
0098:  MOVF   08,W
0099:  MOVWF  77
009A:  SWAPF  08,W
009B:  ANDLW  0F
009C:  MOVWF  78
....................   #endif 
009D:  RETURN
.................... } 
....................  
.................... void lcd_send_nibble(BYTE n) 
.................... { 
....................   #if (defined(LCD_DATA4) && defined(LCD_DATA5) && defined(LCD_DATA6) && defined(LCD_DATA7)) 
....................    /* Write to the data port */ 
....................    output_bit(LCD_DATA4, bit_test(n, 0)); 
....................    output_bit(LCD_DATA5, bit_test(n, 1)); 
....................    output_bit(LCD_DATA6, bit_test(n, 2)); 
....................    output_bit(LCD_DATA7, bit_test(n, 3)); 
....................   #else       
....................    lcdlat.data = n; 
*
0087:  SWAPF  47,W
0088:  ANDLW  F0
0089:  MOVWF  77
008A:  MOVLW  0F
008B:  ANDWF  08,W
008C:  IORWF  77,W
008D:  MOVWF  08
....................   #endif 
....................        
....................    delay_cycles(1); 
008E:  NOP
....................    lcd_output_enable(1); 
008F:  BSF    08.0
....................    delay_us(2); 
0090:  MOVLW  02
0091:  MOVWF  77
0092:  DECFSZ 77,F
0093:  GOTO   092
0094:  GOTO   095
0095:  NOP
....................    lcd_output_enable(0); 
0096:  BCF    08.0
0097:  RETURN
.................... } 
....................  
.................... void lcd_send_byte(BYTE address, BYTE n) 
.................... { 
....................    lcd_output_rs(0); 
*
009E:  BCF    08.1
....................    while ( bit_test(lcd_read_byte(),7) ) ; 
*
00C2:  MOVF   78,W
00C3:  MOVWF  46
00C4:  BTFSC  46.7
00C5:  GOTO   09F
....................    lcd_output_rs(address); 
00C6:  BTFSS  44.0
00C7:  BCF    08.1
00C8:  BTFSC  44.0
00C9:  BSF    08.1
....................    delay_cycles(1); 
00CA:  NOP
....................    lcd_output_rw(0); 
00CB:  BCF    08.2
....................    delay_cycles(1); 
00CC:  NOP
....................    lcd_output_enable(0); 
00CD:  BCF    08.0
....................    lcd_send_nibble(n >> 4); 
00CE:  SWAPF  45,W
00CF:  MOVWF  46
00D0:  MOVLW  0F
00D1:  ANDWF  46,F
00D2:  MOVF   46,W
00D3:  MOVWF  47
00D4:  CALL   087
....................    lcd_send_nibble(n & 0xf); 
00D5:  MOVF   45,W
00D6:  ANDLW  0F
00D7:  MOVWF  46
00D8:  MOVWF  47
00D9:  CALL   087
00DA:  RETURN
.................... } 
....................  
.................... void lcd_init(void)  
.................... { 
....................    BYTE i; 
....................  
....................  #if defined(__PCB__) 
....................    set_tris_lcd(LCD_OUTPUT_MAP); 
....................  #else 
....................   #if (defined(LCD_DATA4) && defined(LCD_DATA5) && defined(LCD_DATA6) && defined(LCD_DATA7)) 
....................    output_drive(LCD_DATA4); 
....................    output_drive(LCD_DATA5); 
....................    output_drive(LCD_DATA6); 
....................    output_drive(LCD_DATA7); 
....................   #else 
....................    lcdtris.data = 0x0; 
00DB:  MOVLW  0F
00DC:  BSF    03.5
00DD:  ANDWF  08,W
00DE:  MOVWF  08
....................   #endif 
....................    lcd_enable_tris(); 
00DF:  BCF    08.0
....................    lcd_rs_tris(); 
00E0:  BCF    08.1
....................    lcd_rw_tris(); 
00E1:  BCF    08.2
....................  #endif 
....................  
....................    lcd_output_rs(0); 
00E2:  BCF    03.5
00E3:  BCF    08.1
....................    lcd_output_rw(0); 
00E4:  BCF    08.2
....................    lcd_output_enable(0); 
00E5:  BCF    08.0
....................      
....................    delay_ms(15); 
00E6:  MOVLW  0F
00E7:  MOVWF  40
00E8:  CALL   073
....................    for(i=1;i<=3;++i) 
00E9:  MOVLW  01
00EA:  MOVWF  32
00EB:  MOVF   32,W
00EC:  SUBLW  03
00ED:  BTFSS  03.0
00EE:  GOTO   0F7
....................    { 
....................        lcd_send_nibble(3); 
00EF:  MOVLW  03
00F0:  MOVWF  47
00F1:  CALL   087
....................        delay_ms(5); 
00F2:  MOVLW  05
00F3:  MOVWF  40
00F4:  CALL   073
00F5:  INCF   32,F
00F6:  GOTO   0EB
....................    } 
....................      
....................    lcd_send_nibble(2); 
00F7:  MOVLW  02
00F8:  MOVWF  47
00F9:  CALL   087
....................    for(i=0;i<=3;++i) 
00FA:  CLRF   32
00FB:  MOVF   32,W
00FC:  SUBLW  03
00FD:  BTFSS  03.0
00FE:  GOTO   108
....................       lcd_send_byte(0,LCD_INIT_STRING[i]); 
00FF:  MOVF   32,W
0100:  CALL   051
0101:  MOVWF  33
0102:  CLRF   44
0103:  MOVF   33,W
0104:  MOVWF  45
0105:  CALL   09E
0106:  INCF   32,F
0107:  GOTO   0FB
0108:  BCF    0A.3
0109:  BCF    0A.4
010A:  GOTO   50D (RETURN)
.................... } 
....................  
.................... void lcd_gotoxy(BYTE x, BYTE y) 
.................... { 
....................    BYTE address; 
....................  
....................    if(y!=1) 
*
03A2:  DECFSZ 41,W
03A3:  GOTO   3A5
03A4:  GOTO   3A8
....................       address=LCD_LINE_TWO; 
03A5:  MOVLW  40
03A6:  MOVWF  42
03A7:  GOTO   3A9
....................    else 
....................       address=0; 
03A8:  CLRF   42
....................       
....................    address+=x-1; 
03A9:  MOVLW  01
03AA:  SUBWF  40,W
03AB:  ADDWF  42,F
....................    lcd_send_byte(0,0x80|address); 
03AC:  MOVF   42,W
03AD:  IORLW  80
03AE:  MOVWF  43
03AF:  CLRF   44
03B0:  MOVF   43,W
03B1:  MOVWF  45
03B2:  CALL   09E
03B3:  RETURN
.................... } 
....................  
.................... void lcd_putc(char c) 
.................... { 
....................    switch (c) 
03B4:  MOVF   3F,W
03B5:  XORLW  0C
03B6:  BTFSC  03.2
03B7:  GOTO   3BF
03B8:  XORLW  06
03B9:  BTFSC  03.2
03BA:  GOTO   3C7
03BB:  XORLW  02
03BC:  BTFSC  03.2
03BD:  GOTO   3CD
03BE:  GOTO   3D2
....................    { 
....................       case '\f'   :  lcd_send_byte(0,1); 
03BF:  CLRF   44
03C0:  MOVLW  01
03C1:  MOVWF  45
03C2:  CALL   09E
....................                      delay_ms(2); 
03C3:  MOVLW  02
03C4:  MOVWF  40
03C5:  CALL   073
....................                      break; 
03C6:  GOTO   3D7
....................                       
....................       case '\n'   : lcd_gotoxy(1,2);        break; 
03C7:  MOVLW  01
03C8:  MOVWF  40
03C9:  MOVLW  02
03CA:  MOVWF  41
03CB:  CALL   3A2
03CC:  GOTO   3D7
....................       
....................       case '\b'   : lcd_send_byte(0,0x10);  break; 
03CD:  CLRF   44
03CE:  MOVLW  10
03CF:  MOVWF  45
03D0:  CALL   09E
03D1:  GOTO   3D7
....................       
....................       default     : lcd_send_byte(1,c);     break; 
03D2:  MOVLW  01
03D3:  MOVWF  44
03D4:  MOVF   3F,W
03D5:  MOVWF  45
03D6:  CALL   09E
....................    } 
03D7:  RETURN
.................... } 
....................   
.................... char lcd_getc(BYTE x, BYTE y) 
.................... { 
....................    char value; 
....................  
....................    lcd_gotoxy(x,y); 
....................    while ( bit_test(lcd_read_byte(),7) ); // wait until busy flag is low 
....................    lcd_output_rs(1); 
....................    value = lcd_read_byte(); 
....................    lcd_output_rs(0); 
....................     
....................    return(value); 
.................... } 
....................  
....................  
.................... int16 valor; 
.................... float temp; 
.................... char rcv = 'D'; 
....................  
.................... #INT_RDA 
.................... void rda_int() 
*
0059:  BTFSS  0C.5
005A:  GOTO   059
005B:  MOVF   1A,W
005C:  MOVWF  4C
.................... { 
....................    char k = getc(); 
....................    if(k != 10) 
005D:  MOVF   4C,W
005E:  SUBLW  0A
005F:  BTFSC  03.2
0060:  GOTO   06B
....................    if(k != 13) 
0061:  MOVF   4C,W
0062:  SUBLW  0D
0063:  BTFSC  03.2
0064:  GOTO   06B
....................    if(k != 07) 
0065:  MOVF   4C,W
0066:  SUBLW  07
0067:  BTFSC  03.2
0068:  GOTO   06B
....................    rcv = k; 
0069:  MOVF   4C,W
006A:  MOVWF  31
006B:  BCF    0C.5
006C:  BCF    0A.3
006D:  BCF    0A.4
006E:  GOTO   02D
.................... } 
.................... void main() 
*
04F6:  MOVF   03,W
04F7:  ANDLW  1F
04F8:  MOVWF  03
04F9:  MOVLW  81
04FA:  BSF    03.5
04FB:  MOVWF  19
04FC:  MOVLW  A6
04FD:  MOVWF  18
04FE:  MOVLW  90
04FF:  BCF    03.5
0500:  MOVWF  18
0501:  MOVLW  44
0502:  MOVWF  31
0503:  BSF    03.5
0504:  BSF    1F.0
0505:  BSF    1F.1
0506:  BSF    1F.2
0507:  BCF    1F.3
0508:  MOVLW  07
0509:  MOVWF  1C
050A:  BCF    03.7
.................... { 
....................    lcd_init(); 
050B:  BCF    03.5
050C:  GOTO   0DB
....................    setup_uart(9600); 
050D:  MOVLW  81
050E:  BSF    03.5
050F:  MOVWF  19
0510:  MOVLW  A6
0511:  MOVWF  18
0512:  MOVLW  90
0513:  BCF    03.5
0514:  MOVWF  18
....................    setup_adc(ADC_CLOCK_INTERNAL); 
0515:  BSF    03.5
0516:  BCF    1F.6
0517:  BCF    03.5
0518:  BSF    1F.6
0519:  BSF    1F.7
051A:  BSF    03.5
051B:  BSF    1F.7
051C:  BCF    03.5
051D:  BSF    1F.0
....................    setup_adc_ports(AN0_AN1_AN3); 
051E:  BSF    03.5
051F:  BCF    1F.0
0520:  BCF    1F.1
0521:  BSF    1F.2
0522:  BCF    1F.3
....................    enable_interrupts(INT_RDA); 
0523:  BSF    0C.5
....................    enable_interrupts(GLOBAL);  
0524:  MOVLW  C0
0525:  BCF    03.5
0526:  IORWF  0B,F
....................    while(TRUE) 
....................    { 
....................       if(rcv == 'A') 
0527:  MOVF   31,W
0528:  SUBLW  41
0529:  BTFSS  03.2
052A:  GOTO   5A4
....................       { 
....................          set_adc_channel(0); 
052B:  MOVLW  00
052C:  MOVWF  78
052D:  MOVF   1F,W
052E:  ANDLW  C7
052F:  IORWF  78,W
0530:  MOVWF  1F
....................          delay_us(1); 
0531:  GOTO   532
0532:  GOTO   533
0533:  NOP
....................          valor = read_adc(); 
0534:  BSF    1F.2
0535:  BTFSC  1F.2
0536:  GOTO   535
0537:  BSF    03.5
0538:  MOVF   1E,W
0539:  BCF    03.5
053A:  MOVWF  2B
053B:  MOVF   1E,W
053C:  MOVWF  2C
....................          temp = 500 * (float)valor/1023.0; 
053D:  MOVF   2C,W
053E:  MOVWF  33
053F:  MOVF   2B,W
0540:  MOVWF  32
0541:  GOTO   10B
0542:  CLRF   42
0543:  CLRF   41
0544:  MOVLW  7A
0545:  MOVWF  40
0546:  MOVLW  87
0547:  MOVWF  3F
0548:  MOVF   7A,W
0549:  MOVWF  46
054A:  MOVF   79,W
054B:  MOVWF  45
054C:  MOVF   78,W
054D:  MOVWF  44
054E:  MOVF   77,W
054F:  MOVWF  43
0550:  CALL   12A
0551:  MOVF   7A,W
0552:  MOVWF  35
0553:  MOVF   79,W
0554:  MOVWF  34
0555:  MOVF   78,W
0556:  MOVWF  33
0557:  MOVF   77,W
0558:  MOVWF  32
0559:  MOVF   7A,W
055A:  MOVWF  39
055B:  MOVF   79,W
055C:  MOVWF  38
055D:  MOVF   78,W
055E:  MOVWF  37
055F:  MOVF   77,W
0560:  MOVWF  36
0561:  CLRF   3D
0562:  MOVLW  C0
0563:  MOVWF  3C
0564:  MOVLW  7F
0565:  MOVWF  3B
0566:  MOVLW  88
0567:  MOVWF  3A
0568:  GOTO   19F
0569:  MOVF   7A,W
056A:  MOVWF  30
056B:  MOVF   79,W
056C:  MOVWF  2F
056D:  MOVF   78,W
056E:  MOVWF  2E
056F:  MOVF   77,W
0570:  MOVWF  2D
....................          printf("%fC", temp); 
0571:  MOVLW  89
0572:  MOVWF  04
0573:  MOVF   30,W
0574:  MOVWF  35
0575:  MOVF   2F,W
0576:  MOVWF  34
0577:  MOVF   2E,W
0578:  MOVWF  33
0579:  MOVF   2D,W
057A:  MOVWF  32
057B:  MOVLW  02
057C:  MOVWF  36
057D:  GOTO   2D9
057E:  MOVLW  43
057F:  BTFSS  0C.4
0580:  GOTO   57F
0581:  MOVWF  19
....................          lcd_gotoxy(1,1); 
0582:  MOVLW  01
0583:  MOVWF  40
0584:  MOVWF  41
0585:  CALL   3A2
....................          printf(lcd_putc,"temp=%f", temp); 
0586:  MOVLW  6F
0587:  BSF    03.6
0588:  MOVWF  0D
0589:  MOVLW  00
058A:  MOVWF  0F
058B:  BCF    03.0
058C:  MOVLW  05
058D:  BCF    03.6
058E:  MOVWF  32
058F:  GOTO   3D8
0590:  MOVLW  89
0591:  MOVWF  04
0592:  MOVF   30,W
0593:  MOVWF  35
0594:  MOVF   2F,W
0595:  MOVWF  34
0596:  MOVF   2E,W
0597:  MOVWF  33
0598:  MOVF   2D,W
0599:  MOVWF  32
059A:  MOVLW  02
059B:  MOVWF  36
059C:  GOTO   431
....................          delay_ms(500); 
059D:  MOVLW  02
059E:  MOVWF  32
059F:  MOVLW  FA
05A0:  MOVWF  40
05A1:  CALL   073
05A2:  DECFSZ 32,F
05A3:  GOTO   59F
....................       } 
....................       if(rcv == 'B') 
05A4:  MOVF   31,W
05A5:  SUBLW  42
05A6:  BTFSS  03.2
05A7:  GOTO   5A8
....................       { 
....................       } 
....................       delay_ms(500); 
05A8:  MOVLW  02
05A9:  MOVWF  32
05AA:  MOVLW  FA
05AB:  MOVWF  40
05AC:  CALL   073
05AD:  DECFSZ 32,F
05AE:  GOTO   5AA
05AF:  GOTO   527
....................    } 
.................... } 
05B0:  SLEEP

Configuration Fuses:
   Word  1: 3F32   HS NOWDT PUT NOBROWNOUT NOLVP NOCPD NOWRT NODEBUG NOPROTECT
